0 verbose cli C:\Program Files\nodejs\node.exe C:\Users\USER\AppData\Roaming\npm\node_modules\npm\bin\npm-cli.js
1 info using npm@8.13.0
2 info using node@v24.19.0
3 timing npm:load:whichnode Completed in 0ms
4 timing config:load:defaults Completed in 4ms
5 timing config:load:file:C:\Users\USER\AppData\Roaming\npm\node_modules\npm\npmrc Completed in 2ms
6 timing config:load:builtin Completed in 2ms
7 timing config:load:cli Completed in 2ms
8 timing config:load:env Completed in 1ms
9 timing config:load:file:C:\Users\USER\demo\dev-ai\.npmrc Completed in 0ms
10 timing config:load:project Completed in 4ms
11 timing config:load:file:C:\Users\USER\.npmrc Completed in 0ms
12 timing config:load:user Completed in 0ms
13 timing config:load:file:C:\Users\USER\AppData\Roaming\npm\etc\npmrc Completed in 0ms
14 timing config:load:global Completed in 0ms
15 timing config:load:validate Completed in 0ms
16 timing config:load:credentials Completed in 1ms
17 timing config:load:setEnvs Completed in 0ms
18 timing config:load Completed in 14ms
19 timing npm:load:configload Completed in 14ms
20 timing npm:load:mkdirpcache Completed in 0ms
21 timing npm:load:mkdirplogs Completed in 0ms
22 verbose title npm install @liveblocks/node@3.24.0
23 verbose argv "install" "@liveblocks/node@3.24.0" "--cache" ".npm-cache"
24 timing npm:load:setTitle Completed in 0ms
25 timing config:load:flatten Completed in 1ms
26 timing npm:load:display Completed in 2ms
27 verbose logfile logs-max:10 dir:C:\Users\USER\demo\dev-ai\.npm-cache\_logs
28 verbose logfile C:\Users\USER\demo\dev-ai\.npm-cache\_logs\2026-08-17T13_40_30_697Z-debug-0.log
29 timing npm:load:logFile Completed in 4ms
30 timing npm:load:timers Completed in 0ms
31 timing npm:load:configScope Completed in 0ms
32 timing npm:load Completed in 22ms
33 timing arborist:ctor Completed in 1ms
34 silly logfile done cleaning log files
35 timing idealTree:init Completed in 487ms
36 timing idealTree:userRequests Completed in 3ms
37 silly idealTree buildDeps
38 silly fetch manifest @liveblocks/node@3.24.0
39 timing arborist:ctor Completed in 0ms
40 silly placeDep ROOT @liveblocks/node@ OK for: dev-ai@0.1.0 want: 3.24.0
41 timing idealTree:#root Completed in 70846ms
42 timing idealTree:node_modules/@liveblocks/node Completed in 0ms
43 timing idealTree:node_modules/@tailwindcss/oxide-wasm32-wasi Completed in 0ms
44 timing idealTree:buildDeps Completed in 70848ms
45 timing idealTree:fixDepFlags Completed in 8ms
46 timing idealTree Completed in 71346ms
47 timing command:install Completed in 71371ms
48 verbose type system
49 verbose stack FetchError: request to https://registry.npmjs.org/@liveblocks%2fnode failed, reason: unable to verify the first certificate; if the root CA is installed locally, try running Node.js with --use-system-ca
49 verbose stack     at ClientRequest.<anonymous> (C:\Users\USER\AppData\Roaming\npm\node_modules\npm\node_modules\minipass-fetch\lib\index.js:130:14)
49 verbose stack     at ClientRequest.emit (node:events:509:28)
49 verbose stack     at emitErrorEvent (node:_http_client:112:11)
49 verbose stack     at TLSSocket.socketErrorListener (node:_http_client:745:5)
49 verbose stack     at TLSSocket.emit (node:events:521:24)
49 verbose stack     at emitErrorNT (node:internal/streams/destroy:170:8)
49 verbose stack     at emitErrorCloseNT (node:internal/streams/destroy:129:3)
49 verbose stack     at process.processTicksAndRejections (node:internal/process/task_queues:90:21)
50 verbose cwd C:\Users\USER\demo\dev-ai
51 verbose Windows_NT 10.0.19045
52 verbose node v24.19.0
53 verbose npm  v8.13.0
54 error code UNABLE_TO_VERIFY_LEAF_SIGNATURE
55 error errno UNABLE_TO_VERIFY_LEAF_SIGNATURE
56 error request to https://registry.npmjs.org/@liveblocks%2fnode failed, reason: unable to verify the first certificate; if the root CA is installed locally, try running Node.js with --use-system-ca
57 verbose exit 1
58 timing npm Completed in 71478ms
59 verbose unfinished npm timer reify 1786974030804
60 verbose unfinished npm timer reify:loadTrees 1786974030826
61 verbose code 1
62 error A complete log of this run can be found in:
62 error     C:\Users\USER\demo\dev-ai\.npm-cache\_logs\2026-08-17T13_40_30_697Z-debug-0.log
